[    0.000000] Initializing cgroup subsys cpuset
[    0.000000] Initializing cgroup subsys cpu
[    0.000000] Initializing cgroup subsys cpuacct
[    0.000000] Linux version 4.4.0-119-generic (buildd@lcy01-amd64-013) (gcc version 5.4.0 20160609 (Ubuntu 5.4.0-6ubuntu1~16.04.9) ) #143-Ubuntu SMP Mon Apr 2 16:08:24 UTC 2018 (Ubuntu 4.4.0-119.143-generic 4.4.114)
[    0.000000] Command line: BOOT_IMAGE=/boot/vmlinuz-4.4.0-119-generic root=LABEL=cloudimg-rootfs ro console=tty1 console=ttyS0
[    0.000000] KERNEL supported cpus:
[    0.000000]   Intel GenuineIntel
[    0.000000]   AMD AuthenticAMD
[    0.000000]   Centaur CentaurHauls
[    0.000000] x86/fpu: xstate_offset[2]:  576, xstate_sizes[2]:  256
[    0.000000] x86/fpu: Supporting XSAVE feature 0x01: 'x87 floating point registers'
[    0.000000] x86/fpu: Supporting XSAVE feature 0x02: 'SSE registers'
[    0.000000] x86/fpu: Supporting XSAVE feature 0x04: 'AVX registers'
[    0.000000] x86/fpu: Enabled xstate features 0x7, context size is 832 bytes, using 'standard' format.
[    0.000000] x86/fpu: Using 'lazy' FPU context switches.
[    0.000000] e820: BIOS-provided physical RAM map:
[    0.000000] BIOS-e820: [mem 0x0000000000000000-0x000000000009fbff] usable
[    0.000000] BIOS-e820: [mem 0x000000000009fc00-0x000000000009ffff] reserved
[    0.000000] BIOS-e820: [mem 0x00000000000f0000-0x00000000000fffff] reserved
[    0.000000] BIOS-e820: [mem 0x0000000000100000-0x000000003ffeffff] usable
[    0.000000] BIOS-e820: [mem 0x000000003fff0000-0x000000003fffffff] ACPI data
[    0.000000] BIOS-e820: [mem 0x00000000fec00000-0x00000000fec00fff] reserved
[    0.000000] BIOS-e820: [mem 0x00000000fee00000-0x00000000fee00fff] reserved
[    0.000000] BIOS-e820: [mem 0x00000000fffc0000-0x00000000ffffffff] reserved
[    0.000000] NX (Execute Disable) protection: active
[    0.000000] SMBIOS 2.5 present.
[    0.000000] Hypervisor detected: KVM
[    0.000000] e820: last_pfn = 0x3fff0 max_arch_pfn = 0x400000000
[    0.000000] MTRR: Disabled
[    0.000000] x86/PAT: MTRRs disabled, skipping PAT initialization too.
[    0.000000] CPU MTRRs all blank - virtualized system.
[    0.000000] x86/PAT: Configuration [0-7]: WB  WT  UC- UC  WB  WT  UC- UC  
[    0.000000] found SMP MP-table at [mem 0x0009fff0-0x0009ffff] mapped at [ffff88000009fff0]
[    0.000000] Scanning 1 areas for low memory corruption
[    0.000000] RAMDISK: [mem 0x36ae4000-0x37569fff]
[    0.000000] ACPI: Early table checksum verification disabled
[    0.000000] ACPI: RSDP 0x00000000000E0000 000024 (v02 VBOX  )
[    0.000000] ACPI: XSDT 0x000000003FFF0030 00003C (v01 VBOX   VBOXXSDT 00000001 ASL  00000061)
[    0.000000] ACPI: FACP 0x000000003FFF00F0 0000F4 (v04 VBOX   VBOXFACP 00000001 ASL  00000061)
[    0.000000] ACPI: DSDT 0x000000003FFF0470 0021FF (v02 VBOX   VBOXBIOS 00000002 INTL 20100528)
[    0.000000] ACPI: FACS 0x000000003FFF0200 000040
[    0.000000] ACPI: FACS 0x000000003FFF0200 000040
[    0.000000] ACPI: APIC 0x000000003FFF0240 00005C (v02 VBOX   VBOXAPIC 00000001 ASL  00000061)
[    0.000000] ACPI: SSDT 0x000000003FFF02A0 0001CC (v01 VBOX   VBOXCPUT 00000002 INTL 20100528)
[    0.000000] No NUMA configuration found
[    0.000000] Faking a node at [mem 0x0000000000000000-0x000000003ffeffff]
[    0.000000] NODE_DATA(0) allocated [mem 0x3ffeb000-0x3ffeffff]
[    0.000000] kvm-clock: Using msrs 4b564d01 and 4b564d00
[    0.000000] kvm-clock: cpu 0, msr 0:3ffe3001, primary cpu clock
[    0.000000] kvm-clock: using sched offset of 4011246910 cycles
[    0.000000] clocksource: kvm-clock: mask: 0xffffffffffffffff max_cycles: 0x1cd42e4dffb, max_idle_ns: 881590591483 ns
[    0.000000] Zone ranges:
[    0.000000]   DMA      [mem 0x0000000000001000-0x0000000000ffffff]
[    0.000000]   DMA32    [mem 0x0000000001000000-0x000000003ffeffff]
[    0.000000]   Normal   empty
[    0.000000]   Device   empty
[    0.000000] Movable zone start for each node
[    0.000000] Early memory node ranges
[    0.000000]   node   0: [mem 0x0000000000001000-0x000000000009efff]
[    0.000000]   node   0: [mem 0x0000000000100000-0x000000003ffeffff]
[    0.000000] Initmem setup node 0 [mem 0x0000000000001000-0x000000003ffeffff]
[    0.000000] ACPI: PM-Timer IO Port: 0x4008
[    0.000000] IOAPIC[0]: apic_id 2, version 32, address 0xfec00000, GSI 0-23
[    0.000000] ACPI: INT_SRC_OVR (bus 0 bus_irq 0 global_irq 2 dfl dfl)
[    0.000000] ACPI: INT_SRC_OVR (bus 0 bus_irq 9 global_irq 9 high level)
[    0.000000] Using ACPI (MADT) for SMP configuration information
[    0.000000] smpboot: Allowing 2 CPUs, 0 hotplug CPUs
[    0.000000] PM: Registered nosave memory: [mem 0x00000000-0x00000fff]
[    0.000000] PM: Registered nosave memory: [mem 0x0009f000-0x0009ffff]
[    0.000000] PM: Registered nosave memory: [mem 0x000a0000-0x000effff]
[    0.000000] PM: Registered nosave memory: [mem 0x000f0000-0x000fffff]
[    0.000000] e820: [mem 0x40000000-0xfebfffff] available for PCI devices
[    0.000000] Booting paravirtualized kernel on KVM
[    0.000000] clocksource: refined-jiffies: mask: 0xffffffff max_cycles: 0xffffffff, max_idle_ns: 7645519600211568 ns
[    0.000000] setup_percpu: NR_CPUS:512 nr_cpumask_bits:512 nr_cpu_ids:2 nr_node_ids:1
[    0.000000] PERCPU: Embedded 34 pages/cpu @ffff88003fc00000 s99544 r8192 d31528 u1048576
[    0.000000] PV qspinlock hash table entries: 256 (order: 0, 4096 bytes)
[    0.000000] Built 1 zonelists in Node order, mobility grouping on.  Total pages: 257912
[    0.000000] Policy zone: DMA32
[    0.000000] Kernel command line: BOOT_IMAGE=/boot/vmlinuz-4.4.0-119-generic root=LABEL=cloudimg-rootfs ro console=tty1 console=ttyS0
[    0.000000] PID hash table entries: 4096 (order: 3, 32768 bytes)
[    0.000000] Memory: 1001748K/1048120K available (8532K kernel code, 1313K rwdata, 3996K rodata, 1508K init, 1316K bss, 46372K reserved, 0K cma-reserved)
[    0.000000] SLUB: HWalign=64, Order=0-3, MinObjects=0, CPUs=2, Nodes=1
[    0.000000] Kernel/User page tables isolation: enabled
[    0.000000] Hierarchical RCU implementation.
[    0.000000] 	Build-time adjustment of leaf fanout to 64.
[    0.000000] 	RCU restricting CPUs from NR_CPUS=512 to nr_cpu_ids=2.
[    0.000000] RCU: Adjusting geometry for rcu_fanout_leaf=64, nr_cpu_ids=2
[    0.000000] NR_IRQS:33024 nr_irqs:440 16
[    0.000000] Console: colour VGA+ 80x25
[    0.000000] console [tty1] enabled
[    0.000000] console [ttyS0] enabled
[    0.000000] tsc: Detected 2303.998 MHz processor
[    5.466297] Calibrating delay loop (skipped) preset value.. 4607.99 BogoMIPS (lpj=9215992)
[    5.554688] pid_max: default: 32768 minimum: 301
[    5.561709] ACPI: Core revision 20150930
[    5.573699] ACPI: 2 ACPI AML tables successfully acquired and loaded
[    5.642811] Security Framework initialized
[    5.643948] Yama: becoming mindful.
[    5.646556] AppArmor: AppArmor initialized
[    5.712946] Dentry cache hash table entries: 131072 (order: 8, 1048576 bytes)
[    5.716274] Inode-cache hash table entries: 65536 (order: 7, 524288 bytes)
[    5.836799] Mount-cache hash table entries: 2048 (order: 2, 16384 bytes)
[    5.921437] Mountpoint-cache hash table entries: 2048 (order: 2, 16384 bytes)
[    6.030705] Initializing cgroup subsys io
[    6.065953] Initializing cgroup subsys memory
[    6.077458] Initializing cgroup subsys devices
[    6.090269] Initializing cgroup subsys freezer
[    6.146164] Initializing cgroup subsys net_cls
[    6.231237] Initializing cgroup subsys perf_event
[    6.290113] Initializing cgroup subsys net_prio
[    6.291358] Initializing cgroup subsys hugetlb
[    6.292571] Initializing cgroup subsys pids
[    6.293826] CPU: Physical Processor ID: 0
[    6.294946] CPU: Processor Core ID: 0
[    6.320707] FEATURE SPEC_CTRL Not Present
[    6.401111] mce: CPU supports 0 MCE banks
[    6.449195] Last level iTLB entries: 4KB 64, 2MB 8, 4MB 8
[    6.450658] Last level dTLB entries: 4KB 64, 2MB 0, 4MB 0, 1GB 4
[    6.452223] Spectre V2 mitigation: Mitigation: Full generic retpoline
[    6.453912] Spectre V2 mitigation: Speculation control IBPB not-supported IBRS not-supported
[    6.546716] Spectre V2 mitigation: Filling RSB on context switch
[    6.660619] Freeing SMP alternatives memory: 32K
[    6.731343] ftrace: allocating 32195 entries in 126 pages
[    6.881436] smpboot: APIC(0) Converting physical 0 to logical package 0
[    7.002139] smpboot: Max logical packages: 1
[    7.085846] x2apic enabled
[    7.095860] Switched APIC routing to physical x2apic.
[    7.117254] ..TIMER: vector=0x30 apic1=0 pin1=2 apic2=-1 pin2=-1
[    7.257243] smpboot: CPU0: Intel(R) Core(TM) i5-7360U CPU @ 2.30GHz (family: 0x6, model: 0x8e, stepping: 0x9)
[    7.436202] Performance Events: unsupported p6 CPU model 142 no PMU driver, software events only.
[    7.590212] KVM setup paravirtual spinlock
[    7.666869] x86: Booting SMP configuration:
[    7.749995] .... node  #0, CPUs:      #1
[    7.803741] kvm-clock: cpu 1, msr 0:3ffe3041, secondary cpu clock
[    7.823398] mce: CPU supports 0 MCE banks
[    7.826339] x86: Booted up 1 node, 2 CPUs
[    7.875711] smpboot: Total of 2 processors activated (9215.99 BogoMIPS)
[    7.908422] devtmpfs: initialized
[    7.953863] evm: security.selinux
[    8.017351] evm: security.SMACK64
[    8.068913] evm: security.SMACK64EXEC
[    8.124719] evm: security.SMACK64TRANSMUTE
[    8.182290] evm: security.SMACK64MMAP
[    8.196302] evm: security.ima
[    8.197230] evm: security.capability
[    8.203837] clocksource: jiffies: mask: 0xffffffff max_cycles: 0xffffffff, max_idle_ns: 7645041785100000 ns
[    8.206476] futex hash table entries: 512 (order: 3, 32768 bytes)
[    8.208213] pinctrl core: initialized pinctrl subsystem
[    8.237754] RTC time:  5:01:30, date: 05/06/18
[    8.276972] NET: Registered protocol family 16
[    8.318122] cpuidle: using governor ladder
[    8.394644] cpuidle: using governor menu
[    8.421385] PCCT header not found.
[    8.477565] ACPI: bus type PCI registered
[    8.520397] acpiphp: ACPI Hot Plug PCI Controller Driver version: 0.5
[    8.596409] PCI: Using configuration type 1 for base access
[    8.704449] ACPI: Added _OSI(Module Device)
[    8.763283] ACPI: Added _OSI(Processor Device)
[    8.816307] ACPI: Added _OSI(3.0 _SCP Extensions)
[    8.893263] ACPI: Added _OSI(Processor Aggregator Device)
[    8.955362] ACPI: Executed 1 blocks of module-level executable AML code
[    9.064407] ACPI: Interpreter enabled
[    9.102770] ACPI: (supports S0 S5)
[    9.104000] ACPI: Using IOAPIC for interrupt routing
[    9.181293] PCI: Using host bridge windows from ACPI; if necessary, use "pci=nocrs" and report a bug
[    9.312071] ACPI: PCI Root Bridge [PCI0] (domain 0000 [bus 00-ff])
[    9.335162] acpi PNP0A03:00: _OSC: OS supports [ASPM ClockPM Segments MSI]
[    9.347262] acpi PNP0A03:00: _OSC: not requesting OS control; OS requires [ExtendedConfig ASPM ClockPM MSI]
[    9.364609] acpi PNP0A03:00: fail to add MMCONFIG information, can't access extended PCI configuration space under this bridge.
[    9.416894] PCI host bridge to bus 0000:00
[    9.418035] pci_bus 0000:00: root bus resource [io  0x0000-0x0cf7 window]
[    9.491171] pci_bus 0000:00: root bus resource [io  0x0d00-0xffff window]
[    9.578180] pci_bus 0000:00: root bus resource [mem 0x000a0000-0x000bffff window]
[    9.643820] pci_bus 0000:00: root bus resource [mem 0x40000000-0xffdfffff window]
[    9.645903] pci_bus 0000:00: root bus resource [bus 00-ff]
[    9.682886] pci 0000:00:01.1: legacy IDE quirk: reg 0x10: [io  0x01f0-0x01f7]
[    9.718846] pci 0000:00:01.1: legacy IDE quirk: reg 0x14: [io  0x03f6]
[    9.728777] pci 0000:00:01.1: legacy IDE quirk: reg 0x18: [io  0x0170-0x0177]
[    9.846817] pci 0000:00:01.1: legacy IDE quirk: reg 0x1c: [io  0x0376]
[    9.951370] pci 0000:00:07.0: quirk: [io  0x4000-0x403f] claimed by PIIX4 ACPI
[   10.070832] pci 0000:00:07.0: quirk: [io  0x4100-0x410f] claimed by PIIX4 SMB
[   10.197533] ACPI: PCI Interrupt Link [LNKA] (IRQs 5 9 10 *11)
[   10.263997] ACPI: PCI Interrupt Link [LNKB] (IRQs 5 9 10 *11)
[   10.299189] ACPI: PCI Interrupt Link [LNKC] (IRQs 5 9 *10 11)
[   10.366224] ACPI: PCI Interrupt Link [LNKD] (IRQs 5 *9 10 11)
[   10.426611] ACPI: Enabled 2 GPEs in block 00 to 07
[   10.463233] vgaarb: setting as boot device: PCI:0000:00:02.0
[   10.535722] vgaarb: device added: PCI:0000:00:02.0,decodes=io+mem,owns=io+mem,locks=none
[   10.664718] vgaarb: loaded
[   10.710391] vgaarb: bridge control possible 0000:00:02.0
[   10.746473] SCSI subsystem initialized
[   10.798714] ACPI: bus type USB registered
[   10.852134] usbcore: registered new interface driver usbfs
[   10.951228] usbcore: registered new interface driver hub
[   11.026198] usbcore: registered new device driver usb
[   11.082556] PCI: Using ACPI for IRQ routing
[   11.165677] NetLabel: Initializing
[   11.203232] NetLabel:  domain hash size = 128
[   11.250661] NetLabel:  protocols = UNLABELED CIPSOv4
[   11.314987] NetLabel:  unlabeled traffic allowed by default
[   11.388252] amd_nb: Cannot enumerate AMD northbridges
[   11.453432] clocksource: Switched to clocksource kvm-clock
[   11.536287] AppArmor: AppArmor Filesystem Enabled
[   11.598225] pnp: PnP ACPI init
[   11.604207] pnp: PnP ACPI: found 3 devices
[   11.628607] clocksource: acpi_pm: mask: 0xffffff max_cycles: 0xffffff, max_idle_ns: 2085701024 ns
[   11.687428] NET: Registered protocol family 2
[   11.691995] TCP established hash table entries: 8192 (order: 4, 65536 bytes)
[   11.723050] TCP bind hash table entries: 8192 (order: 5, 131072 bytes)
[   11.768733] TCP: Hash tables configured (established 8192 bind 8192)
[   11.882001] UDP hash table entries: 512 (order: 2, 16384 bytes)
[   11.921004] UDP-Lite hash table entries: 512 (order: 2, 16384 bytes)
[   11.937718] NET: Registered protocol family 1
[   12.007456] pci 0000:00:00.0: Limiting direct PCI/PCI transfers
[   12.111891] pci 0000:00:01.0: Activating ISA DMA hang workarounds
[   12.117319] Unpacking initramfs...
[   13.579483] Freeing initrd memory: 10776K
[   13.684701] platform rtc_cmos: registered platform RTC device (no PNP device found)
[   13.864543] Scanning for low memory corruption every 60 seconds
[   14.029245] audit: initializing netlink subsys (disabled)
[   14.152252] audit: type=2000 audit(1525582890.592:1): initialized
[   14.308562] Initialise system trusted keyring
[   14.394367] HugeTLB registered 2 MB page size, pre-allocated 0 pages
[   14.517410] zbud: loaded
[   14.563380] VFS: Disk quotas dquot_6.6.0
[   14.659704] VFS: Dquot-cache hash table entries: 512 (order 0, 4096 bytes)
[   14.815613] tsc: Refined TSC clocksource calibration: 2303.999 MHz
[   14.842765] clocksource: tsc: mask: 0xffffffffffffffff max_cycles: 0x2135f6faae8, max_idle_ns: 440795313647 ns
[   14.843076] squashfs: version 4.0 (2009/01/31) Phillip Lougher
ÿ[   14.934900] fuse init (API version 7.23)
[   14.935045] Key type big_key registered
[   14.935063] Allocating IMA MOK and blacklist keyrings.
[   14.935291] Key type asymmetric registered
[   14.935297] Asymmetric key parser 'x509' registered
[   14.935327] Block layer SCSI generic (bsg) driver version 0.4 loaded (major 249)
[   14.935350] io scheduler noop registered
[   14.935352] io scheduler deadline registered (default)
[   14.935376] io scheduler cfq registered
[   14.935458] pci_hotplug: PCI Hot Plug PCI Core version: 0.5
[   14.935463] pciehp: PCI Express Hot Plug Controller Driver version: 0.4
[   14.935739] ACPI: AC Adapter [AC] (off-line)
[   14.935782] input: Power Button as /devices/LNXSYSTM:00/LNXPWRBN:00/input/input0
[   14.935784] ACPI: Power Button [PWRF]
[   14.935859] input: Sleep Button as /devices/LNXSYSTM:00/LNXSLPBN:00/input/input1
[   14.935860] ACPI: Sleep Button [SLPF]
[   14.936008] GHES: HEST is not enabled!
[   14.936872] ACPI: Battery Slot [BAT0] (battery present)
[   14.936908] Serial: 8250/16550 driver, 32 ports, IRQ sharing enabled
[   15.118973] 00:02: ttyS0 at I/O 0x3f8 (irq = 4, base_baud = 115200) is a 16550A
[   15.218821] Linux agpgart interface v0.103
[   15.223264] loop: module loaded
[   15.223697] scsi host0: ata_piix
[   15.223738] scsi host1: ata_piix
[   15.223761] ata1: PATA max UDMA/33 cmd 0x1f0 ctl 0x3f6 bmdma 0xd000 irq 14
[   15.223762] ata2: PATA max UDMA/33 cmd 0x170 ctl 0x376 bmdma 0xd008 irq 15
[   15.223819] libphy: Fixed MDIO Bus: probed
[   15.223821] tun: Universal TUN/TAP device driver, 1.6
[   15.223822] tun: (C) 1999-2004 Max Krasnyansky <maxk@qualcomm.com>
[   15.224153] PPP generic driver version 2.4.2
[   15.224196] ehci_hcd: USB 2.0 'Enhanced' Host Controller (EHCI) Driver
[   15.224200] ehci-pci: EHCI PCI platform driver
[   15.224212] ehci-platform: EHCI generic platform driver
[   15.224218] ohci_hcd: USB 1.1 'Open' Host Controller (OHCI) Driver
[   15.224221] ohci-pci: OHCI PCI platform driver
[   15.224227] ohci-platform: OHCI generic platform driver
[   15.224232] uhci_hcd: USB Universal Host Controller Interface driver
[   15.224277] i8042: PNP: PS/2 Controller [PNP0303:PS2K,PNP0f03:PS2M] at 0x60,0x64 irq 1,12
[   15.300996] serio: i8042 KBD port at 0x60,0x64 irq 1
[   15.301002] serio: i8042 AUX port at 0x60,0x64 irq 12
[   15.301113] mousedev: PS/2 mouse device common for all mice
[   15.301394] rtc_cmos rtc_cmos: rtc core: registered rtc_cmos as rtc0
[   15.301437] rtc_cmos rtc_cmos: alarms up to one day, 114 bytes nvram
[   15.301443] i2c /dev entries driver
[   15.301492] device-mapper: uevent: version 1.0.3
[   15.301533] device-mapper: ioctl: 4.34.0-ioctl (2015-10-28) initialised: dm-devel@redhat.com
[   15.301584] ledtrig-cpu: registered to indicate activity on CPUs
[   15.301816] NET: Registered protocol family 10
[   15.301933] NET: Registered protocol family 17
[   15.301944] Key type dns_resolver registered
[   15.302126] registered taskstats version 1
[   15.302139] Loading compiled-in X.509 certificates
[   15.302581] Loaded X.509 cert 'Build time autogenerated kernel key: f854e06633b5f496ced5b2e02c7b14f761b69302'
[   15.302595] zswap: loaded using pool lzo/zbud
[   15.303711] Key type trusted registered
[   15.305460] Key type encrypted registered
[   15.305464] AppArmor: AppArmor sha1 policy hashing enabled
[   15.305466] ima: No TPM chip found, activating TPM-bypass!
[   15.305480] evm: HMAC attrs: 0x1
[   15.305773]   Magic number: 2:931:10
[   15.389604] rtc_cmos rtc_cmos: setting system clock to 2018-05-06 05:01:37 UTC (1525582897)
[   15.389834] BIOS EDD facility v0.16 2004-Jun-25, 0 devices found
[   15.389834] EDD information not available.
[   15.986347] input: AT Translated Set 2 keyboard as /devices/platform/i8042/serio0/input/input2
[   18.529894] Freeing unused kernel memory: 1508K
[   18.675781] Write protecting the kernel read-only data: 14336k
[   18.728841] Freeing unused kernel memory: 1696K
[   18.839743] Freeing unused kernel memory: 100K
Loading, please [   18.979935] random: systemd-udevd: uninitialized urandom read (16 bytes read, 7 bits of entropy available)
wait...
startin[   18.980450] random: udevadm: uninitialized urandom read (16 bytes read, 7 bits of entropy available)
g version 229
[   18.980464] random: udevadm: uninitialized urandom read (16 bytes read, 7 bits of entropy available)
[   18.987767] random: udevadm: uninitialized urandom read (16 bytes read, 7 bits of entropy available)
[   18.987799] random: udevadm: uninitialized urandom read (16 bytes read, 7 bits of entropy available)
[   18.987898] random: udevadm: uninitialized urandom read (16 bytes read, 7 bits of entropy available)
[   18.987933] random: udevadm: uninitialized urandom read (16 bytes read, 7 bits of entropy available)
[   18.987970] random: udevadm: uninitialized urandom read (16 bytes read, 7 bits of entropy available)
[   18.988005] random: udevadm: uninitialized urandom read (16 bytes read, 7 bits of entropy available)
[   18.988037] random: udevadm: uninitialized urandom read (16 bytes read, 7 bits of entropy available)
[   19.853039] Fusion MPT base driver 3.04.20
[   19.859880] Copyright (c) 1999-2008 LSI Corporation
[   19.859940] e1000: Intel(R) PRO/1000 Network Driver - version 7.3.21-k8-NAPI
[   19.859940] e1000: Copyright (c) 1999-2006 Intel Corporation.
[   19.899811] Fusion MPT SPI Host driver 3.04.20
[   19.931638] AVX version of gcm_enc/dec engaged.
[   19.949128] AES CTR mode by8 optimization enabled
[   20.117367] input: ImExPS/2 Generic Explorer Mouse as /devices/platform/i8042/serio1/input/input4
[   20.255223] e1000 0000:00:03.0 eth0: (PCI:33MHz:32-bit) 02:62:8c:65:d6:7a
[   20.362173] e1000 0000:00:03.0 eth0: Intel(R) PRO/1000 Network Connection
[   20.429136] mptbase: ioc0: Initiating bringup
[   20.507266] e1000 0000:00:03.0 enp0s3: renamed from eth0
[   20.570072] ioc0: LSI53C1030 A0: Capabilities={Initiator}
[   20.769488] scsi host2: ioc0: LSI53C1030 A0, FwRev=00000000h, Ports=1, MaxQ=256, IRQ=20
[   20.954289] scsi 2:0:0:0: Direct-Access     VBOX     HARDDISK         1.0  PQ: 0 ANSI: 5
[   21.136320] scsi target2:0:0: Beginning Domain Validation
[   21.244690] scsi target2:0:0: Domain Validation skipping write tests
[   21.450080] scsi target2:0:0: Ending Domain Validation
[   21.476244] scsi target2:0:0: asynchronous
[   21.483605] scsi 2:0:1:0: Direct-Access     VBOX     HARDDISK         1.0  PQ: 0 ANSI: 5
[   21.519947] scsi target2:0:1: Beginning Domain Validation
[   21.547785] scsi target2:0:1: Domain Validation skipping write tests
[   21.558939] scsi target2:0:1: Ending Domain Validation
[   21.706260] scsi target2:0:1: asynchronous
[   21.753669] sd 2:0:0:0: [sda] 20971520 512-byte logical blocks: (10.7 GB/10.0 GiB)
[   21.969990] sd 2:0:0:0: Attached scsi generic sg0 type 0
[   22.042387] sd 2:0:1:0: [sdb] 20480 512-byte logical blocks: (10.5 MB/10.0 MiB)
[   22.162204] sd 2:0:1:0: Attached scsi generic sg1 type 0
[   22.242047] sd 2:0:0:0: [sda] Write Protect is off
[   22.446185] sd 2:0:1:0: [sdb] Write Protect is off
[   22.545367] sd 2:0:0:0: [sda] Incomplete mode parameter data
[   22.559825] sd 2:0:0:0: [sda] Assuming drive cache: write through
[   22.559965] sd 2:0:1:0: [sdb] Incomplete mode parameter data
[   22.559966] sd 2:0:1:0: [sdb] Assuming drive cache: write through
[   22.578070] sd 2:0:1:0: [sdb] Attached SCSI disk
[   22.625768]  sda: sda1
[   22.646869] sd 2:0:0:0: [sda] Attached SCSI disk
[   22.905851] floppy0: no floppy controllers found
[   23.013717] work still pending
Begin: Loading e[   24.355684] md: linear personality registered for level -1
ssential drivers[   24.538340] md: multipath personality registered for level -4
 ... [   24.635281] md: raid0 personality registered for level 0
[   24.701987] md: raid1 personality registered for level 1
[   24.837972] raid6: sse2x1   gen()  6053 MB/s
[   24.957659] raid6: sse2x1   xor()  6512 MB/s
[   25.081451] raid6: sse2x2   gen() 12436 MB/s
[   25.197504] raid6: sse2x2   xor()  8525 MB/s
[   25.321458] raid6: sse2x4   gen() 14294 MB/s
[   25.441472] raid6: sse2x4   xor()  9504 MB/s
[   25.492535] raid6: using algorithm sse2x4 gen() 14294 MB/s
[   25.556717] raid6: .... xor() 9504 MB/s, rmw enabled
[   25.605632] raid6: using ssse3x2 recovery algorithm
[   25.675164] xor: automatically using best checksumming function:
[   25.769730]    avx       : 23066.000 MB/sec
[   25.832487] async_tx: api initialized (async)
[   25.892540] md: raid6 personality registered for level 6
[   25.903224] md: raid5 personality registered for level 5
[   25.917518] md: raid4 personality registered for level 4
[   25.938614] md: raid10 personality registered for level 10
done.
Begin: Running[   26.007086] Btrfs loaded
 /scripts/init-premount ... done.
Begin: Mounting root file sys[   26.071137] EXT4-fs (sda1): mounted filesystem with ordered data mode. Opts: (null)
tem ... Begin: Running /scripts/local-top ... done.
Begin: Running /scripts/local-premount ... Scanning for Btrfs filesystems
done.
Warning: fsck not present, so skipping root file system
done.
Begin: Running /scripts/local-bottom ... done.
Begin: Running /scripts/init-bottom ... done.
[   26.325574] systemd[1]: systemd 229 running in system mode. (+PAM +AUDIT +SELINUX +IMA +APPARMOR +SMACK +SYSVINIT +UTMP +LIBCRYPTSETUP +GCRYPT +GNUTLS +ACL +XZ -LZ4 +SECCOMP +BLKID +ELFUTILS +KMOD -IDN)
[   26.422829] systemd[1]: Detected virtualization oracle.
[   26.476545] systemd[1]: Detected architecture x86-64.

Welcome to [1mUbuntu 16.04.4 LTS[0m!

[   26.624912] systemd[1]: Set hostname to <ubuntu-xenial>.
[   26.900217] systemd[1]: Listening on LVM2 poll daemon socket.
[[0;32m  OK  [0m] Listening on LVM2 poll daemon socket.
[   26.911864] systemd[1]: Listening on Journal Socket (/dev/log).
[[0;32m  OK  [0m] Listening on Journal Socket (/dev/log).
[   26.919306] systemd[1]: Listening on Journal Audit Socket.
[[0;32m  OK  [0m] Listening on Journal Audit Socket.
[   26.990178] systemd[1]: Listening on udev Kernel Socket.
[[0;32m  OK  [0m] Listening on udev Kernel Socket.
[   27.031743] systemd[1]: Started Forward Password Requests to Wall Directory Watch.
[[0;32m  OK  [0m] Started Forward Password Requests to Wall Directory Watch.
[   27.165897] systemd[1]: Listening on Device-mapper event daemon FIFOs.
[[0;32m  OK  [0m] Listening on Device-mapper event daemon FIFOs.
[   27.232644] systemd[1]: Listening on /dev/initctl Compatibility Named Pipe.
[[0;32m  OK  [0m] Listening on /dev/initctl Compatibility Named Pipe.
[   27.264435] systemd[1]: Reached target User and Group Name Lookups.
[[0;32m  OK  [0m] Reached target User and Group Name Lookups.
[   27.318896] systemd[1]: Started Trigger resolvconf update for networkd DNS.
[[0;32m  OK  [0m] Started Trigger resolvconf update for networkd DNS.
[   27.394198] systemd[1]: Set up automount Arbitrary Executable File Formats File System Automount Point.
[[0;32m  OK  [0m] Set up automount Arbitrary Executab...ats File System Automount Point.
[   27.618041] systemd[1]: Listening on Journal Socket.
[[0;32m  OK  [0m] Listening on Journal Socket.
[   27.729091] systemd[1]: Created slice System Slice.
[[0;32m  OK  [0m] Created slice System Slice.
[   27.898487] systemd[1]: Created slice system-serial\x2dgetty.slice.
[[0;32m  OK  [0m] Created slice system-serial\x2dgetty.slice.
[   28.095733] random: nonblocking pool is initialized
[   28.138410] systemd[1]: Starting Set console keymap...
         Starting Set console keymap...
[   28.166723] systemd[1]: Starting Create list of required static device nodes for the current kernel...
         Starting Create list of required st... nodes for the current kernel...
[   28.178898] systemd[1]: Mounting POSIX Message Queue File System...
         Mounting POSIX Message Queue File System...
[   28.325964] systemd[1]: Starting Load Kernel Modules...
[   28.340523] Loading iSCSI transport class v2.0-870.
         Startin[   28.425880] iscsi: registered transport (tcp)
g Load Kernel Modules...
[   28.512755] iscsi: registered transport (iser)
[   28.598098] systemd[1]: Starting Nameserver information manager...
         Starting Nameserver information manager...
[   28.798067] systemd[1]: Starting Uncomplicated firewall...
         Starting Uncomplicated firewall...
[   29.002290] systemd[1]: Starting Remount Root and Kernel File Systems...
[   29.010658] EXT4-fs (sda1): re-mounted. Opts: (null)
         Starting Remount Root and Kernel File Systems...
[   29.229887] systemd[1]: Reached target Encrypted Volumes.
[[0;32m  OK  [0m] Reached target Encrypted Volumes.
[   29.290436] systemd[1]: Mounting Huge Pages File System...
         Mounting Huge Pages File System...
[   29.369575] systemd[1]: Mounting Debug File System...
         Mounting Debug File System...
[   29.414741] systemd[1]: Created slice User and Session Slice.
[[0;32m  OK  [0m] Created slice User and Session Slice.
[   29.605939] systemd[1]: Reached target Slices.
[[0;32m  OK  [0m] Reached target Slices.
[   29.673929] systemd[1]: Listening on LVM2 metadata daemon socket.
[[0;32m  OK  [0m] Listening on LVM2 metadata daemon socket.
[   29.856064] systemd[1]: Starting Monitoring of LVM2 mirrors, snapshots etc. using dmeventd or progress polling...
         Starting Monitoring of LVM2 mirrors... dmeventd or progress polling...
[   30.156793] systemd[1]: Reached target System Time Synchronized.
[[0;32m  OK  [0m] Reached target System Time Synchronized.
[   30.317970] systemd[1]: Listening on udev Control Socket.
[[0;32m  OK  [0m] Listening on udev Control Socket.
[   30.353898] systemd[1]: Reached target Swap.
[[0;32m  OK  [0m] Reached target Swap.
[   30.394926] systemd[1]: Listening on Syslog Socket.
[[0;32m  OK  [0m] Listening on Syslog Socket.
[   30.506172] systemd[1]: Starting Journal Service...
         Starting Journal Service...
[   30.590452] systemd[1]: Mounted POSIX Message Queue File System.
[[0;32m  OK  [0m] Mounted POSIX Message Queue File System.
[   30.746377] systemd[1]: Mounted Huge Pages File System.
[[0;32m  OK  [0m] Mounted Huge Pages File System.
[   30.834015] systemd[1]: Mounted Debug File System.
[[0;32m  OK  [0m] Mounted Debug File System.
[   31.022719] systemd[1]: Started Journal Service.
[[0;32m  OK  [0m] Started Journal Service.
[[0;32m  OK  [0m] Started Set console keymap.
[[0;32m  OK  [0m] Started Create list of required sta...ce nodes for the current kernel.
[[0;32m  OK  [0m] Started Load Kernel Modules.
[[0;32m  OK  [0m] Started Uncomplicated firewall.
[[0;32m  OK  [0m] Started Remount Root and Kernel File Systems.
[[0;32m  OK  [0m] Started Nameserver information manager.
[[0;32m  OK  [0m] Started LVM2 metadata daemon.
         Starting Initial cloud-init job (pre-networking)...
         Starting Load/Save Random Seed...
         Starting udev Coldplug all Devices...
         Mounting FUSE Control File System...
         Starting Apply Kernel Variables...
         Starting Create Static Device Nodes in /dev...
         Starting Flush Journal to Persistent Storage...
[[0;32m  OK  [0m] Mounted FUSE Control File System.
[[0;32m  OK  [0m] Started Load/Save Random Seed.
[[0;32m  OK  [0m] Started Apply Kernel Variables.
[[0;32m  OK  [0m] Started Create Static Device Nodes in /dev.
[[0;32m  OK  [0m] Started udev Coldplug all Devices.
[[0;32m  OK  [0m] Started Flush Journal to Persistent Storage.
[[0;32m  OK  [0m] Started Monitoring of LVM2 mirrors,...ng dmeventd or progress polling.
         Starting udev Kernel Device Manager...
[[0;32m  OK  [0m] Started udev Kernel Device Manager.
[[0;32m  OK  [0m] Started Dispatch Password Requests to Console Directory Watch.
[[0;32m  OK  [0m] Reached target Local File Systems (Pre).
[[0;32m  OK  [0m] Reached target Local File Systems.
[   21.568444] cloud-init[441]: Cloud-init v. 18.2 running 'init-local' at Sun, 06 May 2018 05:01:54 +0000. Up 21.32 seconds.
         Starting Tell Plymouth To Write Out Runtime Data...
         Starting LSB: AppArmor initialization...
         Starting Set console font and keymap...
         Starting Create Volatile Files and Directories...
[[0;32m  OK  [0m] Started Tell Plymouth To Write Out Runtime Data.
[[0;32m  OK  [0m] Started Create Volatile Files and Directories.
[[0;32m  OK  [0m] Started Initial cloud-init job (pre-networking).
[[0;32m  OK  [0m] Found device /dev/ttyS0.
[[0;32m  OK  [0m] Listening on Load/Save RF Kill Switch Status /dev/rfkill Watch.
[[0;32m  OK  [0m] Reached target Network (Pre).
         Starting Update UTMP about System Boot/Shutdown...
[[0;32m  OK  [0m] Started LSB: AppArmor initialization.
[[0;32m  OK  [0m] Started Set console font and keymap.
[[0;32m  OK  [0m] Created slice system-getty.slice.
[[0;32m  OK  [0m] Started ifup for enp0s3.
         Starting Raise network interfaces...
[[0;32m  OK  [0m] Started Update UTMP about System Boot/Shutdown.
[[0;32m  OK  [0m] Started Raise network interfaces.
         Starting Initial cloud-init job (metadata service crawler)...
[[0;32m  OK  [0m] Reached target Network.
[   25.258089] cloud-init[965]: Cloud-init v. 18.2 running 'init' at Sun, 06 May 2018 05:01:58 +0000. Up 24.95 seconds.
[   25.380811] cloud-init[965]: ci-info: +++++++++++++++++++++++++++++++++++++Net device info++++++++++++++++++++++++++++++++++++++
[[0;32m  OK  [0m] Started Initial cloud-init job (metadata service crawler).
[[   25.516657] cloud-init[965]: ci-info: +--------+------+----------------------------+---------------+-------+-------------------+
[   25.583834] cloud-init[965]: ci-info: | Device |  Up  |          Address           |      Mask     | Scope |     Hw-Address    |
[0;32m  OK  [0m] Reached target Cloud-config availability.
[   25.584199] cloud-init[965]: ci-info: +--------+------+----------------------------+---------------+-------+-------------------+
[   25.854097] cloud-init[965]: ci-info: | enp0s3 | True |         10.0.2.15          | 255.255.255.0 |   .   | 02:62:8c:65:d6:7a |
[[0;32m  OK  [0m] Reached target System Initialization.
[[   25.854853] cloud-init[965]: ci-info: | enp0s3 | True | fe80::62:8cff:fe65:d67a/64 |       .       |  link | 02:62:8c:65:d6:7a |
[   26.073596] cloud-init[965]: ci-info: |   lo   | True |         127.0.0.1          |   255.0.0.0   |   .   |         .         |
[0;32m  OK  [0m] Listening on ACPID Listen Socket.
[[   26.073808] cloud-init[965]: ci-info: |   lo   | True |          ::1/128           |       .       |  host |         .         |
[0;32m  OK  [0m] Started Daily Cleanup of Temporary Directories.
[   26.181619] cloud-init[965]: ci-info: +--------+------+----------------------------+---------------+-------+-------------------+
[   26.456937] cloud-init[965]: ci-info: +++++++++++++++++++++++++++Route IPv4 info++++++++++++++++++++++++++++
[   26.457573] cloud-init[965]: ci-info: +-------+-------------+----------+---------------+-----------+-------+
[[0;32m  OK  [0m] Started Daily apt download activities.
[   26.457866] cloud-init[965]: ci-info: | Route | Destination | Gateway  |    Genmask    | Interface | Flags |
[   26.796361] cloud-init[965]: ci-info: +-------+-------------+----------+---------------+-----------+-------+
[   26.796961] cloud-init[965]: ci-info: |   0   |   0.0.0.0   | 10.0.2.2 |    0.0.0.0    |   enp0s3  |   UG  |
[[0;32m  OK  [0m] Started ACPI Events Check.
[   26.797339] cloud-init[965]: ci-info: |   1   |   10.0.2.0  | 0.0.0.0  | 255.255.255.0 |   enp0s3  |   U   |
[   27.060704] cloud-init[965]: ci-info: +-------+-------------+----------+---------------+-----------+-------+
[[0;32m  OK  [0m] Reached target Paths.
[[0;32m  OK  [0m] Started Daily apt upgrade and clean activities.
         Starting LXD - unix socket.
[[0;32m  OK  [0m] Listening on D-Bus System Message Bus Socket.
         Starting Socket activation for snappy daemon.
[[0;32m  OK  [0m] Listening on UUID daemon activation socket.
[[0;32m  OK  [0m] Started Timer to automatically refresh installed snaps.
[[0;32m  OK  [0m] Reached target Timers.
[[0;32m  OK  [0m] Reached target Network is Online.
         Starting iSCSI initiator daemon (iscsid)...
[[0;32m  OK  [0m] Listening on LXD - unix socket.
[[0;32m  OK  [0m] Listening on Socket activation for snappy daemon.
[[0;32m  OK  [0m] Reached target Sockets.
[[0;32m  OK  [0m] Reached target Basic System.
[[0;32m  OK  [0m] Started Regular background program processing daemon.
         Starting Accounts Service...
[[0;32m  OK  [0m] Started FUSE filesystem for LXC.
         Starting Login Service...
         Starting /etc/rc.local Compatibility...
[[0;32m  OK  [0m] Started Unattended Upgrades Shutdown.
         Starting Apply the settings specified in cloud-config...
         Starting Snappy daemon...
         Starting OpenBSD Secure Shell server...
         Starting Virtualbox guest utils...
         Starting LSB: MD monitoring daemon...
[[0;32m  OK  [0m] Started Deferred execution scheduler.
[[0;32m  OK  [0m] Started ACPI event daemon.
[[0;32m  OK  [0m] Started D-Bus System Message Bus.
         Starting LSB: Record successful boot for GRUB...
[   28.643650] cloud-init[1038]: Cloud-init v. 18.2 running 'modules:config' at Sun, 06 May 2018 05:02:01 +0000. Up 28.54 seconds.
         Starting System Logging Service...
         Starting LXD - container startup/shutdown...
[[0;32m  OK  [0m] Started OpenBSD Secure Shell server.
[[0;32m  OK  [0m] Started Snappy daemon.
[[0;32m  OK  [0m] Started System Logging Service.
[[0;32m  OK  [0m] Started iSCSI initiator daemon (iscsid).
[[0;32m  OK  [0m] Started /etc/rc.local Compatibility.
[[0;32m  OK  [0m] Started Apply the settings specified in cloud-config.
[[0;32m  OK  [0m] Started LXD - container startup/shutdown.
[[0;32m  OK  [0m] Started LSB: MD monitoring daemon.
[[0;32m  OK  [0m] Started Virtualbox guest utils.
[[0;32m  OK  [0m] Started LSB: Record successful boot for GRUB.
[[0;32m  OK  [0m] Started Login Service.
         Starting Authenticate and Authorize Users to Run Privileged Tasks...
         Starting Login to default iSCSI targets...
[[0;32m  OK  [0m] Started Authenticate and Authorize Users to Run Privileged Tasks.
[[0;32m  OK  [0m] Started Accounts Service.
[[0;32m  OK  [0m] Started Login to default iSCSI targets.
[[0;32m  OK  [0m] Reached target Remote File Systems (Pre).
[[0;32m  OK  [0m] Reached target Remote File Systems.
         Starting Permit User Sessions...
         Starting LSB: daemon to balance interrupts for SMP systems...
         Starting LSB: Set the CPU Frequency Scaling governor to "ondemand"...
         Starting LSB: automatic crash report generation...
[[0;32m  OK  [0m] Started Permit User Sessions.
         Starting Hold until boot process finishes up...
         Starting Terminate Plymouth Boot Screen...
[[0;32m  OK  [0m] Started LSB: daemon to balance interrupts for SMP systems.
[[0;32m  OK  [0m] Started LSB: Set the CPU Frequency Scaling governor to "ondemand".
[[0;32m  OK  [0m] Started LSB: automatic crash report generation.
[[0;32m  OK  [0m] Started Hold until boot process finishes up.
[[0;32m  OK  [0m] Started Terminate Plymouth Boot Screen.
         Starting Set console scheme...
[[0;32m  OK  [0m] Started Getty on tty1.
[[0;32m  OK  [0m] Started Serial Getty on ttyS0.
[[0;32m  OK  [0m] Reached target Login Prompts.
[[0;32m  OK  [0m] Reached target Multi-User System.
         Starting Execute cloud user/final scripts...
[[0;32m  OK  [0m] Reached target Graphical Interface.
         Starting Update UTMP about System Runlevel Changes...
[[0;32m  OK  [0m] Started Set console scheme.
[[0;32m  OK  [0m] Started Update UTMP about System Runlevel Changes.
[   31.164870] cloud-init[1189]: Cloud-init v. 18.2 running 'modules:final' at Sun, 06 May 2018 05:02:04 +0000. Up 31.05 seconds.
[   31.236752] cloud-init[1189]: Cloud-init v. 18.2 finished at Sun, 06 May 2018 05:02:04 +0000. Datasource DataSourceNoCloud [seed=/dev/sdb][dsmode=net].  Up 31.16 seconds
[[0;32m  OK  [0m] Started Execute cloud user/final scripts.
[[0;32m  OK  [0m] Reached target Cloud-init target.

Ubuntu 16.04.4 LTS ubuntu-xenial ttyS0

ubuntu-xenial login: 